-- Install configuration: ""
-- Up-to-date: /home/aimen/Documents/PlatformIO/Projects/burgerbot/install/ros_description/share/ros_description/urdf
-- Up-to-date: /home/aimen/Documents/PlatformIO/Projects/burgerbot/install/ros_description/share/ros_description/urdf/ros.urdf.xacro
-- Up-to-date: /home/aimen/Documents/PlatformIO/Projects/burgerbot/install/ros_description/share/ros_description/urdf/assemblies
-- Installing: /home/aimen/Documents/PlatformIO/Projects/burgerbot/install/ros_description/share/ros_description/urdf/assemblies/ros.urdf.xacro
-- Up-to-date: /home/aimen/Documents/PlatformIO/Projects/burgerbot/install/ros_description/share/ros_description/meshes
-- Up-to-date: /home/aimen/Documents/PlatformIO/Projects/burgerbot/install/ros_description/share/ros_description/meshes/ros
-- Up-to-date: /home/aimen/Documents/PlatformIO/Projects/burgerbot/install/ros_description/share/ros_description/meshes/ros/right_wheel_collision.stl
-- Up-to-date: /home/aimen/Documents/PlatformIO/Projects/burgerbot/install/ros_description/share/ros_description/meshes/ros/imu_collision.stl
-- Up-to-date: /home/aimen/Documents/PlatformIO/Projects/burgerbot/install/ros_description/share/ros_description/meshes/ros/caster_wheel_2_collision.stl
-- Up-to-date: /home/aimen/Documents/PlatformIO/Projects/burgerbot/install/ros_description/share/ros_description/meshes/ros/left_wheel.dae
-- Up-to-date: /home/aimen/Documents/PlatformIO/Projects/burgerbot/install/ros_description/share/ros_description/meshes/ros/magnetometre_collision.stl
-- Up-to-date: /home/aimen/Documents/PlatformIO/Projects/burgerbot/install/ros_description/share/ros_description/meshes/ros/lds_lidar_collision.stl
-- Up-to-date: /home/aimen/Documents/PlatformIO/Projects/burgerbot/install/ros_description/share/ros_description/meshes/ros/right_wheel.dae
-- Up-to-date: /home/aimen/Documents/PlatformIO/Projects/burgerbot/install/ros_description/share/ros_description/meshes/ros/caster_wheel_2.dae
-- Up-to-date: /home/aimen/Documents/PlatformIO/Projects/burgerbot/install/ros_description/share/ros_description/meshes/ros/magnetometre.dae
-- Up-to-date: /home/aimen/Documents/PlatformIO/Projects/burgerbot/install/ros_description/share/ros_description/meshes/ros/lds_lidar.dae
-- Up-to-date: /home/aimen/Documents/PlatformIO/Projects/burgerbot/install/ros_description/share/ros_description/meshes/ros/caster_wheel_1_collision.stl
-- Up-to-date: /home/aimen/Documents/PlatformIO/Projects/burgerbot/install/ros_description/share/ros_description/meshes/ros/left_wheel_collision.stl
-- Up-to-date: /home/aimen/Documents/PlatformIO/Projects/burgerbot/install/ros_description/share/ros_description/meshes/ros/base_link.dae
-- Up-to-date: /home/aimen/Documents/PlatformIO/Projects/burgerbot/install/ros_description/share/ros_description/meshes/ros/imu.dae
-- Up-to-date: /home/aimen/Documents/PlatformIO/Projects/burgerbot/install/ros_description/share/ros_description/meshes/ros/caster_wheel_1.dae
-- Up-to-date: /home/aimen/Documents/PlatformIO/Projects/burgerbot/install/ros_description/share/ros_description/meshes/ros/base_link_collision.stl
-- Up-to-date: /home/aimen/Documents/PlatformIO/Projects/burgerbot/install/ros_description/share/ros_description/launch
-- Up-to-date: /home/aimen/Documents/PlatformIO/Projects/burgerbot/install/ros_description/share/ros_description/launch/display.launch.py
-- Up-to-date: /home/aimen/Documents/PlatformIO/Projects/burgerbot/install/ros_description/share/ros_description/rviz
-- Up-to-date: /home/aimen/Documents/PlatformIO/Projects/burgerbot/install/ros_description/share/ros_description/rviz/display.rviz
-- Up-to-date: /home/aimen/Documents/PlatformIO/Projects/burgerbot/install/ros_description/share/ros_description/config
-- Up-to-date: /home/aimen/Documents/PlatformIO/Projects/burgerbot/install/ros_description/share/ros_description/config/ekf.yaml
-- Up-to-date: /home/aimen/Documents/PlatformIO/Projects/burgerbot/install/ros_description/share/ros_description/config/ros2_controllers.yaml
-- Up-to-date: /home/aimen/Documents/PlatformIO/Projects/burgerbot/install/ros_description/share/ros_description/config/joint_state.yaml
-- Up-to-date: /home/aimen/Documents/PlatformIO/Projects/burgerbot/install/ros_description/share/ament_index/resource_index/package_run_dependencies/ros_description
-- Up-to-date: /home/aimen/Documents/PlatformIO/Projects/burgerbot/install/ros_description/share/ament_index/resource_index/parent_prefix_path/ros_description
-- Up-to-date: /home/aimen/Documents/PlatformIO/Projects/burgerbot/install/ros_description/share/ros_description/environment/ament_prefix_path.sh
-- Up-to-date: /home/aimen/Documents/PlatformIO/Projects/burgerbot/install/ros_description/share/ros_description/environment/ament_prefix_path.dsv
-- Up-to-date: /home/aimen/Documents/PlatformIO/Projects/burgerbot/install/ros_description/share/ros_description/environment/path.sh
-- Up-to-date: /home/aimen/Documents/PlatformIO/Projects/burgerbot/install/ros_description/share/ros_description/environment/path.dsv
-- Up-to-date: /home/aimen/Documents/PlatformIO/Projects/burgerbot/install/ros_description/share/ros_description/local_setup.bash
-- Up-to-date: /home/aimen/Documents/PlatformIO/Projects/burgerbot/install/ros_description/share/ros_description/local_setup.sh
-- Up-to-date: /home/aimen/Documents/PlatformIO/Projects/burgerbot/install/ros_description/share/ros_description/local_setup.zsh
-- Up-to-date: /home/aimen/Documents/PlatformIO/Projects/burgerbot/install/ros_description/share/ros_description/local_setup.dsv
-- Up-to-date: /home/aimen/Documents/PlatformIO/Projects/burgerbot/install/ros_description/share/ros_description/package.dsv
-- Up-to-date: /home/aimen/Documents/PlatformIO/Projects/burgerbot/install/ros_description/share/ament_index/resource_index/packages/ros_description
-- Up-to-date: /home/aimen/Documents/PlatformIO/Projects/burgerbot/install/ros_description/share/ros_description/cmake/ros_descriptionConfig.cmake
-- Up-to-date: /home/aimen/Documents/PlatformIO/Projects/burgerbot/install/ros_description/share/ros_description/cmake/ros_descriptionConfig-version.cmake
-- Up-to-date: /home/aimen/Documents/PlatformIO/Projects/burgerbot/install/ros_description/share/ros_description/package.xml
