[0.015s] Invoking command in '/home/aimen/Documents/PlatformIO/Projects/burgerbot/build/ros_description': CMAKE_PREFIX_PATH=${CMAKE_PREFIX_PATH}:/home/aimen/Documents/PlatformIO/Projects/burgerbot/ros2_ws/install/moteur_bringup:/home/aimen/Documents/PlatformIO/Projects/burgerbot/ros2_ws/install/burgerbot_nav2:/home/aimen/Documents/PlatformIO/Projects/burgerbot/ros2_ws/install/burgerbot_gazebo:/home/aimen/Documents/PlatformIO/Projects/burgerbot/ros2_ws/install/burgerbot_bringup:/opt/ros/jazzy DEBUGINFOD_URLS=https://debuginfod.ubuntu.com /usr/bin/cmake --build /home/aimen/Documents/PlatformIO/Projects/burgerbot/build/ros_description -- -j4 -l4
[0.068s] Invoked command in '/home/aimen/Documents/PlatformIO/Projects/burgerbot/build/ros_description' returned '0': CMAKE_PREFIX_PATH=${CMAKE_PREFIX_PATH}:/home/aimen/Documents/PlatformIO/Projects/burgerbot/ros2_ws/install/moteur_bringup:/home/aimen/Documents/PlatformIO/Projects/burgerbot/ros2_ws/install/burgerbot_nav2:/home/aimen/Documents/PlatformIO/Projects/burgerbot/ros2_ws/install/burgerbot_gazebo:/home/aimen/Documents/PlatformIO/Projects/burgerbot/ros2_ws/install/burgerbot_bringup:/opt/ros/jazzy DEBUGINFOD_URLS=https://debuginfod.ubuntu.com /usr/bin/cmake --build /home/aimen/Documents/PlatformIO/Projects/burgerbot/build/ros_description -- -j4 -l4
[0.080s] Invoking command in '/home/aimen/Documents/PlatformIO/Projects/burgerbot/build/ros_description': CMAKE_PREFIX_PATH=${CMAKE_PREFIX_PATH}:/home/aimen/Documents/PlatformIO/Projects/burgerbot/ros2_ws/install/moteur_bringup:/home/aimen/Documents/PlatformIO/Projects/burgerbot/ros2_ws/install/burgerbot_nav2:/home/aimen/Documents/PlatformIO/Projects/burgerbot/ros2_ws/install/burgerbot_gazebo:/home/aimen/Documents/PlatformIO/Projects/burgerbot/ros2_ws/install/burgerbot_bringup:/opt/ros/jazzy DEBUGINFOD_URLS=https://debuginfod.ubuntu.com /usr/bin/cmake --install /home/aimen/Documents/PlatformIO/Projects/burgerbot/build/ros_description
[0.091s] -- Install configuration: ""
[0.091s] -- Up-to-date: /home/aimen/Documents/PlatformIO/Projects/burgerbot/install/ros_description/share/ros_description/urdf
[0.091s] -- Up-to-date: /home/aimen/Documents/PlatformIO/Projects/burgerbot/install/ros_description/share/ros_description/urdf/ros.urdf.xacro
[0.091s] -- Up-to-date: /home/aimen/Documents/PlatformIO/Projects/burgerbot/install/ros_description/share/ros_description/urdf/assemblies
[0.092s] -- Installing: /home/aimen/Documents/PlatformIO/Projects/burgerbot/install/ros_description/share/ros_description/urdf/assemblies/ros.urdf.xacro
[0.092s] -- Up-to-date: /home/aimen/Documents/PlatformIO/Projects/burgerbot/install/ros_description/share/ros_description/meshes
[0.092s] -- Up-to-date: /home/aimen/Documents/PlatformIO/Projects/burgerbot/install/ros_description/share/ros_description/meshes/ros
[0.092s] -- Up-to-date: /home/aimen/Documents/PlatformIO/Projects/burgerbot/install/ros_description/share/ros_description/meshes/ros/right_wheel_collision.stl
[0.092s] -- Up-to-date: /home/aimen/Documents/PlatformIO/Projects/burgerbot/install/ros_description/share/ros_description/meshes/ros/imu_collision.stl
[0.093s] -- Up-to-date: /home/aimen/Documents/PlatformIO/Projects/burgerbot/install/ros_description/share/ros_description/meshes/ros/caster_wheel_2_collision.stl
[0.093s] -- Up-to-date: /home/aimen/Documents/PlatformIO/Projects/burgerbot/install/ros_description/share/ros_description/meshes/ros/left_wheel.dae
[0.093s] -- Up-to-date: /home/aimen/Documents/PlatformIO/Projects/burgerbot/install/ros_description/share/ros_description/meshes/ros/magnetometre_collision.stl
[0.093s] -- Up-to-date: /home/aimen/Documents/PlatformIO/Projects/burgerbot/install/ros_description/share/ros_description/meshes/ros/lds_lidar_collision.stl
[0.093s] -- Up-to-date: /home/aimen/Documents/PlatformIO/Projects/burgerbot/install/ros_description/share/ros_description/meshes/ros/right_wheel.dae
[0.093s] -- Up-to-date: /home/aimen/Documents/PlatformIO/Projects/burgerbot/install/ros_description/share/ros_description/meshes/ros/caster_wheel_2.dae
[0.093s] -- Up-to-date: /home/aimen/Documents/PlatformIO/Projects/burgerbot/install/ros_description/share/ros_description/meshes/ros/magnetometre.dae
[0.094s] -- Up-to-date: /home/aimen/Documents/PlatformIO/Projects/burgerbot/install/ros_description/share/ros_description/meshes/ros/lds_lidar.dae
[0.094s] -- Up-to-date: /home/aimen/Documents/PlatformIO/Projects/burgerbot/install/ros_description/share/ros_description/meshes/ros/caster_wheel_1_collision.stl
[0.094s] -- Up-to-date: /home/aimen/Documents/PlatformIO/Projects/burgerbot/install/ros_description/share/ros_description/meshes/ros/left_wheel_collision.stl
[0.094s] -- Up-to-date: /home/aimen/Documents/PlatformIO/Projects/burgerbot/install/ros_description/share/ros_description/meshes/ros/base_link.dae
[0.094s] -- Up-to-date: /home/aimen/Documents/PlatformIO/Projects/burgerbot/install/ros_description/share/ros_description/meshes/ros/imu.dae
[0.094s] -- Up-to-date: /home/aimen/Documents/PlatformIO/Projects/burgerbot/install/ros_description/share/ros_description/meshes/ros/caster_wheel_1.dae
[0.095s] -- Up-to-date: /home/aimen/Documents/PlatformIO/Projects/burgerbot/install/ros_description/share/ros_description/meshes/ros/base_link_collision.stl
[0.096s] -- Up-to-date: /home/aimen/Documents/PlatformIO/Projects/burgerbot/install/ros_description/share/ros_description/launch
[0.096s] -- Up-to-date: /home/aimen/Documents/PlatformIO/Projects/burgerbot/install/ros_description/share/ros_description/launch/display.launch.py
[0.096s] -- Up-to-date: /home/aimen/Documents/PlatformIO/Projects/burgerbot/install/ros_description/share/ros_description/rviz
[0.096s] -- Up-to-date: /home/aimen/Documents/PlatformIO/Projects/burgerbot/install/ros_description/share/ros_description/rviz/display.rviz
[0.097s] -- Up-to-date: /home/aimen/Documents/PlatformIO/Projects/burgerbot/install/ros_description/share/ros_description/config
[0.097s] -- Up-to-date: /home/aimen/Documents/PlatformIO/Projects/burgerbot/install/ros_description/share/ros_description/config/ekf.yaml
[0.097s] -- Up-to-date: /home/aimen/Documents/PlatformIO/Projects/burgerbot/install/ros_description/share/ros_description/config/ros2_controllers.yaml
[0.097s] -- Up-to-date: /home/aimen/Documents/PlatformIO/Projects/burgerbot/install/ros_description/share/ros_description/config/joint_state.yaml
[0.098s] -- Up-to-date: /home/aimen/Documents/PlatformIO/Projects/burgerbot/install/ros_description/share/ament_index/resource_index/package_run_dependencies/ros_description
[0.098s] -- Up-to-date: /home/aimen/Documents/PlatformIO/Projects/burgerbot/install/ros_description/share/ament_index/resource_index/parent_prefix_path/ros_description
[0.098s] -- Up-to-date: /home/aimen/Documents/PlatformIO/Projects/burgerbot/install/ros_description/share/ros_description/environment/ament_prefix_path.sh
[0.098s] -- Up-to-date: /home/aimen/Documents/PlatformIO/Projects/burgerbot/install/ros_description/share/ros_description/environment/ament_prefix_path.dsv
[0.099s] -- Up-to-date: /home/aimen/Documents/PlatformIO/Projects/burgerbot/install/ros_description/share/ros_description/environment/path.sh
[0.099s] -- Up-to-date: /home/aimen/Documents/PlatformIO/Projects/burgerbot/install/ros_description/share/ros_description/environment/path.dsv
[0.099s] -- Up-to-date: /home/aimen/Documents/PlatformIO/Projects/burgerbot/install/ros_description/share/ros_description/local_setup.bash
[0.099s] -- Up-to-date: /home/aimen/Documents/PlatformIO/Projects/burgerbot/install/ros_description/share/ros_description/local_setup.sh
[0.100s] -- Up-to-date: /home/aimen/Documents/PlatformIO/Projects/burgerbot/install/ros_description/share/ros_description/local_setup.zsh
[0.100s] -- Up-to-date: /home/aimen/Documents/PlatformIO/Projects/burgerbot/install/ros_description/share/ros_description/local_setup.dsv
[0.103s] -- Up-to-date: /home/aimen/Documents/PlatformIO/Projects/burgerbot/install/ros_description/share/ros_description/package.dsv
[0.103s] -- Up-to-date: /home/aimen/Documents/PlatformIO/Projects/burgerbot/install/ros_description/share/ament_index/resource_index/packages/ros_description
[0.103s] -- Up-to-date: /home/aimen/Documents/PlatformIO/Projects/burgerbot/install/ros_description/share/ros_description/cmake/ros_descriptionConfig.cmake
[0.104s] -- Up-to-date: /home/aimen/Documents/PlatformIO/Projects/burgerbot/install/ros_description/share/ros_description/cmake/ros_descriptionConfig-version.cmake
[0.104s] -- Up-to-date: /home/aimen/Documents/PlatformIO/Projects/burgerbot/install/ros_description/share/ros_description/package.xml
[0.104s] Invoked command in '/home/aimen/Documents/PlatformIO/Projects/burgerbot/build/ros_description' returned '0': CMAKE_PREFIX_PATH=${CMAKE_PREFIX_PATH}:/home/aimen/Documents/PlatformIO/Projects/burgerbot/ros2_ws/install/moteur_bringup:/home/aimen/Documents/PlatformIO/Projects/burgerbot/ros2_ws/install/burgerbot_nav2:/home/aimen/Documents/PlatformIO/Projects/burgerbot/ros2_ws/install/burgerbot_gazebo:/home/aimen/Documents/PlatformIO/Projects/burgerbot/ros2_ws/install/burgerbot_bringup:/opt/ros/jazzy DEBUGINFOD_URLS=https://debuginfod.ubuntu.com /usr/bin/cmake --install /home/aimen/Documents/PlatformIO/Projects/burgerbot/build/ros_description
