[0.013s] Invoking command in '/home/aimen/Documents/PlatformIO/Projects/burgerbot/build/ros_description': CMAKE_PREFIX_PATH=${CMAKE_PREFIX_PATH}:/home/aimen/Documents/PlatformIO/Projects/burgerbot/ros2_ws/install/moteur_bringup:/home/aimen/Documents/PlatformIO/Projects/burgerbot/ros2_ws/install/burgerbot_nav2:/home/aimen/Documents/PlatformIO/Projects/burgerbot/ros2_ws/install/burgerbot_gazebo:/home/aimen/Documents/PlatformIO/Projects/burgerbot/ros2_ws/install/burgerbot_bringup:/opt/ros/jazzy DEBUGINFOD_URLS=https://debuginfod.ubuntu.com /usr/bin/cmake /home/aimen/Documents/PlatformIO/Projects/burgerbot/ros2_ws/src/ros_description -DCMAKE_INSTALL_PREFIX=/home/aimen/Documents/PlatformIO/Projects/burgerbot/install/ros_description
[0.377s] -- The C compiler identification is GNU 13.3.0
[0.643s] -- The CXX compiler identification is GNU 13.3.0
[0.671s] -- Detecting C compiler ABI info
[0.821s] -- Detecting C compiler ABI info - done
[0.833s] -- Check for working C compiler: /usr/bin/cc - skipped
[0.834s] -- Detecting C compile features
[0.835s] -- Detecting C compile features - done
[0.848s] -- Detecting CXX compiler ABI info
[1.051s] -- Detecting CXX compiler ABI info - done
[1.071s] -- Check for working CXX compiler: /usr/bin/c++ - skipped
[1.075s] -- Detecting CXX compile features
[1.075s] -- Detecting CXX compile features - done
[1.115s] -- Found ament_cmake: 2.5.5 (/opt/ros/jazzy/share/ament_cmake/cmake)
[1.345s] -- Found Python3: /usr/bin/python3 (found version "3.12.3") found components: Interpreter 
[1.721s] -- Configuring done (1.7s)
[1.733s] -- Generating done (0.0s)
[1.745s] -- Build files have been written to: /home/aimen/Documents/PlatformIO/Projects/burgerbot/build/ros_description
[1.755s] Invoked command in '/home/aimen/Documents/PlatformIO/Projects/burgerbot/build/ros_description' returned '0': CMAKE_PREFIX_PATH=${CMAKE_PREFIX_PATH}:/home/aimen/Documents/PlatformIO/Projects/burgerbot/ros2_ws/install/moteur_bringup:/home/aimen/Documents/PlatformIO/Projects/burgerbot/ros2_ws/install/burgerbot_nav2:/home/aimen/Documents/PlatformIO/Projects/burgerbot/ros2_ws/install/burgerbot_gazebo:/home/aimen/Documents/PlatformIO/Projects/burgerbot/ros2_ws/install/burgerbot_bringup:/opt/ros/jazzy DEBUGINFOD_URLS=https://debuginfod.ubuntu.com /usr/bin/cmake /home/aimen/Documents/PlatformIO/Projects/burgerbot/ros2_ws/src/ros_description -DCMAKE_INSTALL_PREFIX=/home/aimen/Documents/PlatformIO/Projects/burgerbot/install/ros_description
[1.755s] Invoking command in '/home/aimen/Documents/PlatformIO/Projects/burgerbot/build/ros_description': CMAKE_PREFIX_PATH=${CMAKE_PREFIX_PATH}:/home/aimen/Documents/PlatformIO/Projects/burgerbot/ros2_ws/install/moteur_bringup:/home/aimen/Documents/PlatformIO/Projects/burgerbot/ros2_ws/install/burgerbot_nav2:/home/aimen/Documents/PlatformIO/Projects/burgerbot/ros2_ws/install/burgerbot_gazebo:/home/aimen/Documents/PlatformIO/Projects/burgerbot/ros2_ws/install/burgerbot_bringup:/opt/ros/jazzy DEBUGINFOD_URLS=https://debuginfod.ubuntu.com /usr/bin/cmake --build /home/aimen/Documents/PlatformIO/Projects/burgerbot/build/ros_description -- -j4 -l4
[1.811s] Invoked command in '/home/aimen/Documents/PlatformIO/Projects/burgerbot/build/ros_description' returned '0': CMAKE_PREFIX_PATH=${CMAKE_PREFIX_PATH}:/home/aimen/Documents/PlatformIO/Projects/burgerbot/ros2_ws/install/moteur_bringup:/home/aimen/Documents/PlatformIO/Projects/burgerbot/ros2_ws/install/burgerbot_nav2:/home/aimen/Documents/PlatformIO/Projects/burgerbot/ros2_ws/install/burgerbot_gazebo:/home/aimen/Documents/PlatformIO/Projects/burgerbot/ros2_ws/install/burgerbot_bringup:/opt/ros/jazzy DEBUGINFOD_URLS=https://debuginfod.ubuntu.com /usr/bin/cmake --build /home/aimen/Documents/PlatformIO/Projects/burgerbot/build/ros_description -- -j4 -l4
[1.824s] Invoking command in '/home/aimen/Documents/PlatformIO/Projects/burgerbot/build/ros_description': CMAKE_PREFIX_PATH=${CMAKE_PREFIX_PATH}:/home/aimen/Documents/PlatformIO/Projects/burgerbot/ros2_ws/install/moteur_bringup:/home/aimen/Documents/PlatformIO/Projects/burgerbot/ros2_ws/install/burgerbot_nav2:/home/aimen/Documents/PlatformIO/Projects/burgerbot/ros2_ws/install/burgerbot_gazebo:/home/aimen/Documents/PlatformIO/Projects/burgerbot/ros2_ws/install/burgerbot_bringup:/opt/ros/jazzy DEBUGINFOD_URLS=https://debuginfod.ubuntu.com /usr/bin/cmake --install /home/aimen/Documents/PlatformIO/Projects/burgerbot/build/ros_description
[1.833s] -- Install configuration: ""
[1.833s] -- Installing: /home/aimen/Documents/PlatformIO/Projects/burgerbot/install/ros_description/share/ros_description/urdf
[1.833s] -- Installing: /home/aimen/Documents/PlatformIO/Projects/burgerbot/install/ros_description/share/ros_description/urdf/ros.urdf.xacro
[1.833s] -- Installing: /home/aimen/Documents/PlatformIO/Projects/burgerbot/install/ros_description/share/ros_description/urdf/assemblies
[1.833s] -- Installing: /home/aimen/Documents/PlatformIO/Projects/burgerbot/install/ros_description/share/ros_description/meshes
[1.833s] -- Installing: /home/aimen/Documents/PlatformIO/Projects/burgerbot/install/ros_description/share/ros_description/meshes/ros
[1.833s] -- Installing: /home/aimen/Documents/PlatformIO/Projects/burgerbot/install/ros_description/share/ros_description/meshes/ros/right_wheel_collision.stl
[1.834s] -- Installing: /home/aimen/Documents/PlatformIO/Projects/burgerbot/install/ros_description/share/ros_description/meshes/ros/imu_collision.stl
[1.834s] -- Installing: /home/aimen/Documents/PlatformIO/Projects/burgerbot/install/ros_description/share/ros_description/meshes/ros/caster_wheel_2_collision.stl
[1.835s] -- Installing: /home/aimen/Documents/PlatformIO/Projects/burgerbot/install/ros_description/share/ros_description/meshes/ros/left_wheel.dae
[1.863s] -- Installing: /home/aimen/Documents/PlatformIO/Projects/burgerbot/install/ros_description/share/ros_description/meshes/ros/magnetometre_collision.stl
[1.863s] -- Installing: /home/aimen/Documents/PlatformIO/Projects/burgerbot/install/ros_description/share/ros_description/meshes/ros/lds_lidar_collision.stl
[1.864s] -- Installing: /home/aimen/Documents/PlatformIO/Projects/burgerbot/install/ros_description/share/ros_description/meshes/ros/right_wheel.dae
[1.891s] -- Installing: /home/aimen/Documents/PlatformIO/Projects/burgerbot/install/ros_description/share/ros_description/meshes/ros/caster_wheel_2.dae
[1.892s] -- Installing: /home/aimen/Documents/PlatformIO/Projects/burgerbot/install/ros_description/share/ros_description/meshes/ros/magnetometre.dae
[1.893s] -- Installing: /home/aimen/Documents/PlatformIO/Projects/burgerbot/install/ros_description/share/ros_description/meshes/ros/lds_lidar.dae
[1.894s] -- Installing: /home/aimen/Documents/PlatformIO/Projects/burgerbot/install/ros_description/share/ros_description/meshes/ros/caster_wheel_1_collision.stl
[1.894s] -- Installing: /home/aimen/Documents/PlatformIO/Projects/burgerbot/install/ros_description/share/ros_description/meshes/ros/left_wheel_collision.stl
[1.894s] -- Installing: /home/aimen/Documents/PlatformIO/Projects/burgerbot/install/ros_description/share/ros_description/meshes/ros/base_link.dae
[1.898s] -- Installing: /home/aimen/Documents/PlatformIO/Projects/burgerbot/install/ros_description/share/ros_description/meshes/ros/imu.dae
[1.898s] -- Installing: /home/aimen/Documents/PlatformIO/Projects/burgerbot/install/ros_description/share/ros_description/meshes/ros/caster_wheel_1.dae
[1.900s] -- Installing: /home/aimen/Documents/PlatformIO/Projects/burgerbot/install/ros_description/share/ros_description/meshes/ros/base_link_collision.stl
[1.900s] -- Installing: /home/aimen/Documents/PlatformIO/Projects/burgerbot/install/ros_description/share/ros_description/launch
[1.901s] -- Installing: /home/aimen/Documents/PlatformIO/Projects/burgerbot/install/ros_description/share/ros_description/launch/display.launch.py
[1.901s] -- Installing: /home/aimen/Documents/PlatformIO/Projects/burgerbot/install/ros_description/share/ros_description/rviz
[1.901s] -- Installing: /home/aimen/Documents/PlatformIO/Projects/burgerbot/install/ros_description/share/ros_description/rviz/display.rviz
[1.901s] -- Installing: /home/aimen/Documents/PlatformIO/Projects/burgerbot/install/ros_description/share/ros_description/config
[1.902s] -- Installing: /home/aimen/Documents/PlatformIO/Projects/burgerbot/install/ros_description/share/ros_description/config/ekf.yaml
[1.902s] -- Installing: /home/aimen/Documents/PlatformIO/Projects/burgerbot/install/ros_description/share/ros_description/config/ros2_controllers.yaml
[1.902s] -- Installing: /home/aimen/Documents/PlatformIO/Projects/burgerbot/install/ros_description/share/ros_description/config/joint_state.yaml
[1.902s] -- Installing: /home/aimen/Documents/PlatformIO/Projects/burgerbot/install/ros_description/share/ament_index/resource_index/package_run_dependencies/ros_description
[1.902s] -- Installing: /home/aimen/Documents/PlatformIO/Projects/burgerbot/install/ros_description/share/ament_index/resource_index/parent_prefix_path/ros_description
[1.903s] -- Installing: /home/aimen/Documents/PlatformIO/Projects/burgerbot/install/ros_description/share/ros_description/environment/ament_prefix_path.sh
[1.903s] -- Installing: /home/aimen/Documents/PlatformIO/Projects/burgerbot/install/ros_description/share/ros_description/environment/ament_prefix_path.dsv
[1.903s] -- Installing: /home/aimen/Documents/PlatformIO/Projects/burgerbot/install/ros_description/share/ros_description/environment/path.sh
[1.903s] -- Installing: /home/aimen/Documents/PlatformIO/Projects/burgerbot/install/ros_description/share/ros_description/environment/path.dsv
[1.903s] -- Installing: /home/aimen/Documents/PlatformIO/Projects/burgerbot/install/ros_description/share/ros_description/local_setup.bash
[1.904s] -- Installing: /home/aimen/Documents/PlatformIO/Projects/burgerbot/install/ros_description/share/ros_description/local_setup.sh
[1.904s] -- Installing: /home/aimen/Documents/PlatformIO/Projects/burgerbot/install/ros_description/share/ros_description/local_setup.zsh
[1.904s] -- Installing: /home/aimen/Documents/PlatformIO/Projects/burgerbot/install/ros_description/share/ros_description/local_setup.dsv
[1.904s] -- Installing: /home/aimen/Documents/PlatformIO/Projects/burgerbot/install/ros_description/share/ros_description/package.dsv
[1.905s] -- Installing: /home/aimen/Documents/PlatformIO/Projects/burgerbot/install/ros_description/share/ament_index/resource_index/packages/ros_description
[1.905s] -- Installing: /home/aimen/Documents/PlatformIO/Projects/burgerbot/install/ros_description/share/ros_description/cmake/ros_descriptionConfig.cmake
[1.905s] -- Installing: /home/aimen/Documents/PlatformIO/Projects/burgerbot/install/ros_description/share/ros_description/cmake/ros_descriptionConfig-version.cmake
[1.906s] -- Installing: /home/aimen/Documents/PlatformIO/Projects/burgerbot/install/ros_description/share/ros_description/package.xml
[1.908s] Invoked command in '/home/aimen/Documents/PlatformIO/Projects/burgerbot/build/ros_description' returned '0': CMAKE_PREFIX_PATH=${CMAKE_PREFIX_PATH}:/home/aimen/Documents/PlatformIO/Projects/burgerbot/ros2_ws/install/moteur_bringup:/home/aimen/Documents/PlatformIO/Projects/burgerbot/ros2_ws/install/burgerbot_nav2:/home/aimen/Documents/PlatformIO/Projects/burgerbot/ros2_ws/install/burgerbot_gazebo:/home/aimen/Documents/PlatformIO/Projects/burgerbot/ros2_ws/install/burgerbot_bringup:/opt/ros/jazzy DEBUGINFOD_URLS=https://debuginfod.ubuntu.com /usr/bin/cmake --install /home/aimen/Documents/PlatformIO/Projects/burgerbot/build/ros_description
